# KN modules: clean sequential recompile (2026-09-03T00:08Z)
# Toolchain: Lean (version 4.32.0, arm64-apple-darwin24.6.0, commit 8c9756b28d64dab099da31a4c09229a9e6a2ef35, Release)
# Mathlib: 81a5d257c8e410db227a6665ed08f64fea08e997 (the development's pin)
## KN/AvoidedDefs.lean (      79 lines)


EXIT=0
## KN/AvoidedPeelTools.lean (     237 lines)
EXIT=0
## KN/AvoidedPeel.lean (     197 lines)
EXIT=0
## KN/AvoidedTransfer.lean (     135 lines)
EXIT=0
## KN/AvoidedGen.lean (     144 lines)
EXIT=0
## KN/Projection.lean (     127 lines)
EXIT=0
## KN/AvoidedClosure.lean (     243 lines)
EXIT=0
## KN/Statements.lean (      58 lines)
EXIT=0
## KN/Conjectures.lean (     297 lines)
'KNAll.conjecture4Fixed_holds' depends on axioms: [propext, Classical.choice, Quot.sound]
'KNAll.conjecture4_holds' depends on axioms: [propext, Classical.choice, Quot.sound]
'KNAll.conjecture2Strong_holds' depends on axioms: [propext, Classical.choice, Quot.sound]
'KNAll.conjecture2_holds' depends on axioms: [propext, Classical.choice, Quot.sound]
'KNAll.question7_holds' depends on axioms: [propext, Classical.choice, Quot.sound]
'KNAll.conjecture1_holds' depends on axioms: [propext, Classical.choice, Quot.sound]
'KNAll.conjecture3_holds' depends on axioms: [propext, Classical.choice, Quot.sound]
EXIT=0
## KN/ClusterProperty.lean (     159 lines)
'KNAll.conjecture4_clusterProperty_holds' depends on axioms: [propext, Classical.choice, Quot.sound]
'KNAll.conjecture4_size' depends on axioms: [propext, Classical.choice, Quot.sound]
'KNAll.conjecture4_sizeGE' depends on axioms: [propext, Classical.choice, Quot.sound]
EXIT=0
## KN/Statements6.lean (      30 lines)
EXIT=0
## KN/PairSource.lean (     457 lines)
EXIT=0
## KN/Conjecture6Reduction.lean (     104 lines)
'KNAll.conjecture6Strong_of_forceOpen_min' depends on axioms: [propext, Classical.choice, Quot.sound]
'KNAll.conjecture6_of_conjecture6Strong' depends on axioms: [propext, Classical.choice, Quot.sound]
'KNAll.conjecture6_hypotheses_vacuous' depends on axioms: [propext, Classical.choice, Quot.sound]
EXIT=0
## KN/Question5Dual.lean (      82 lines)
'KNAll.question5_dual' depends on axioms: [propext, Classical.choice, Quot.sound]
EXIT=0
## KN/Question5.lean (     150 lines)
'KNAll.question5_holds' depends on axioms: [propext, Classical.choice, Quot.sound]
EXIT=0
